2026-08-26 19:52:09.051: [INFO] CurrentProfilePath: C:\Users\Jack\Downloads\enclave\varvel\data\submit-profile\Default
2026-08-26 19:52:09.051: [INFO] Profiles total count: 1
2026-08-26 19:52:09.051: [INFO] Profile: name=Personal path=C:\Users\Jack\Downloads\enclave\varvel\data\submit-profile\Default lastActive=2026-08-26T19:42:20.269Z
2026-08-26 19:52:09.051: [INFO] LastUsedProfileDir: C:\Users\Jack\Downloads\enclave\varvel\data\submit-profile\Default
2026-08-26 19:52:09.051: [INFO] MostRecentlyActiveProfile: name=Personal path=C:\Users\Jack\Downloads\enclave\varvel\data\submit-profile\Default lastActive=2026-08-26T19:42:20.269Z
2026-08-26 19:52:09.051: [INFO] VisibilityChanged: 0
2026-08-26 19:52:09.089: [INFO] OnDoneLoading sync enabled: 0
2026-08-26 19:52:09.089: [INFO] BookmarkModelLoaded, ids_reassigned: 0
2026-08-26 19:52:09.089: [INFO] BookmarksLoadDropped droppedNodes=0
2026-08-26 19:52:09.089: [INFO] BookmarksSnapshot Startup total=0 bar=0 other=0 mobile=0 showBar=0 showBarNTP=1
2026-08-26 19:54:40.384: [INFO] BookmarksSnapshot Shutdown total=0 bar=0 other=0 mobile=0 showBar=0 showBarNTP=1
2026-08-26 19:55:06.984: [INFO] CurrentProfilePath: C:\Users\Jack\Downloads\enclave\varvel\data\submit-profile\Default
2026-08-26 19:55:06.984: [INFO] Profiles total count: 1
2026-08-26 19:55:06.985: [INFO] Profile: name=Personal path=C:\Users\Jack\Downloads\enclave\varvel\data\submit-profile\Default lastActive=2026-08-26T19:52:09.072Z
2026-08-26 19:55:06.985: [INFO] LastUsedProfileDir: C:\Users\Jack\Downloads\enclave\varvel\data\submit-profile\Default
2026-08-26 19:55:06.985: [INFO] MostRecentlyActiveProfile: name=Personal path=C:\Users\Jack\Downloads\enclave\varvel\data\submit-profile\Default lastActive=2026-08-26T19:52:09.072Z
2026-08-26 19:55:06.985: [INFO] VisibilityChanged: 0
2026-08-26 19:55:07.022: [INFO] OnDoneLoading sync enabled: 0
2026-08-26 19:55:07.022: [INFO] BookmarkModelLoaded, ids_reassigned: 0
2026-08-26 19:55:07.022: [INFO] BookmarksLoadDropped droppedNodes=0
2026-08-26 19:55:07.022: [INFO] BookmarksSnapshot Startup total=0 bar=0 other=0 mobile=0 showBar=0 showBarNTP=1
2026-08-26 20:05:06.881: [INFO] BookmarksSnapshot Shutdown total=0 bar=0 other=0 mobile=0 showBar=0 showBarNTP=1
2026-08-26 21:50:07.755: [INFO] CurrentProfilePath: C:\Users\Jack\Downloads\enclave\varvel\data\submit-profile\Default
2026-08-26 21:50:07.755: [INFO] Profiles total count: 1
2026-08-26 21:50:07.755: [INFO] Profile: name=Personal path=C:\Users\Jack\Downloads\enclave\varvel\data\submit-profile\Default lastActive=2026-08-26T19:55:07.007Z
2026-08-26 21:50:07.755: [INFO] LastUsedProfileDir: C:\Users\Jack\Downloads\enclave\varvel\data\submit-profile\Default
2026-08-26 21:50:07.755: [INFO] MostRecentlyActiveProfile: name=Personal path=C:\Users\Jack\Downloads\enclave\varvel\data\submit-profile\Default lastActive=2026-08-26T19:55:07.007Z
2026-08-26 21:50:07.755: [INFO] VisibilityChanged: 0
2026-08-26 21:50:07.790: [INFO] OnDoneLoading sync enabled: 0
2026-08-26 21:50:07.790: [INFO] BookmarkModelLoaded, ids_reassigned: 0
2026-08-26 21:50:07.790: [INFO] BookmarksLoadDropped droppedNodes=0
2026-08-26 21:50:07.790: [INFO] BookmarksSnapshot Startup total=0 bar=0 other=0 mobile=0 showBar=0 showBarNTP=1
2026-08-26 21:50:15.715: [INFO] BookmarksSnapshot Shutdown total=0 bar=0 other=0 mobile=0 showBar=0 showBarNTP=1
2026-08-26 21:55:48.924: [INFO] CurrentProfilePath: C:\Users\Jack\Downloads\enclave\varvel\data\submit-profile\Default
2026-08-26 21:55:48.924: [INFO] Profiles total count: 1
2026-08-26 21:55:48.924: [INFO] Profile: name=Personal path=C:\Users\Jack\Downloads\enclave\varvel\data\submit-profile\Default lastActive=2026-08-26T21:54:17.568Z
2026-08-26 21:55:48.924: [INFO] LastUsedProfileDir: C:\Users\Jack\Downloads\enclave\varvel\data\submit-profile\Default
2026-08-26 21:55:48.924: [INFO] MostRecentlyActiveProfile: name=Personal path=C:\Users\Jack\Downloads\enclave\varvel\data\submit-profile\Default lastActive=2026-08-26T21:54:17.568Z
2026-08-26 21:55:48.924: [INFO] VisibilityChanged: 0
2026-08-26 21:55:48.958: [INFO] OnDoneLoading sync enabled: 0
2026-08-26 21:55:48.958: [INFO] BookmarkModelLoaded, ids_reassigned: 0
2026-08-26 21:55:48.958: [INFO] BookmarksLoadDropped droppedNodes=0
2026-08-26 21:55:48.958: [INFO] BookmarksSnapshot Startup total=0 bar=0 other=0 mobile=0 showBar=0 showBarNTP=1
2026-08-26 21:56:38.576: [INFO] BookmarksSnapshot Shutdown total=0 bar=0 other=0 mobile=0 showBar=0 showBarNTP=1
2026-08-27 12:22:58.391: [INFO] CurrentProfilePath: C:\Users\Jack\Downloads\enclave\varvel\data\submit-profile\Default
2026-08-27 12:22:58.391: [INFO] Profiles total count: 1
2026-08-27 12:22:58.392: [INFO] Profile: name=Personal path=C:\Users\Jack\Downloads\enclave\varvel\data\submit-profile\Default lastActive=2026-08-26T21:56:38.440Z
2026-08-27 12:22:58.392: [INFO] LastUsedProfileDir: C:\Users\Jack\Downloads\enclave\varvel\data\submit-profile\Default
2026-08-27 12:22:58.392: [INFO] MostRecentlyActiveProfile: name=Personal path=C:\Users\Jack\Downloads\enclave\varvel\data\submit-profile\Default lastActive=2026-08-26T21:56:38.440Z
2026-08-27 12:22:58.392: [INFO] VisibilityChanged: 0
2026-08-27 12:22:58.435: [INFO] OnDoneLoading sync enabled: 0
2026-08-27 12:22:58.435: [INFO] BookmarkModelLoaded, ids_reassigned: 0
2026-08-27 12:22:58.435: [INFO] BookmarksLoadDropped droppedNodes=0
2026-08-27 12:22:58.435: [INFO] BookmarksSnapshot Startup total=0 bar=0 other=0 mobile=0 showBar=0 showBarNTP=1
2026-08-27 12:23:43.345: [INFO] BookmarksSnapshot Shutdown total=0 bar=0 other=0 mobile=0 showBar=0 showBarNTP=1
2026-08-27 12:25:52.877: [INFO] CurrentProfilePath: C:\Users\Jack\Downloads\enclave\varvel\data\submit-profile\Default
2026-08-27 12:25:52.877: [INFO] Profiles total count: 1
2026-08-27 12:25:52.877: [INFO] Profile: name=Personal path=C:\Users\Jack\Downloads\enclave\varvel\data\submit-profile\Default lastActive=2026-08-27T12:22:58.420Z
2026-08-27 12:25:52.877: [INFO] LastUsedProfileDir: C:\Users\Jack\Downloads\enclave\varvel\data\submit-profile\Default
2026-08-27 12:25:52.877: [INFO] MostRecentlyActiveProfile: name=Personal path=C:\Users\Jack\Downloads\enclave\varvel\data\submit-profile\Default lastActive=2026-08-27T12:22:58.420Z
2026-08-27 12:25:52.877: [INFO] VisibilityChanged: 0
2026-08-27 12:25:52.924: [INFO] OnDoneLoading sync enabled: 0
2026-08-27 12:25:52.924: [INFO] BookmarkModelLoaded, ids_reassigned: 0
2026-08-27 12:25:52.924: [INFO] BookmarksLoadDropped droppedNodes=0
2026-08-27 12:25:52.924: [INFO] BookmarksSnapshot Startup total=0 bar=0 other=0 mobile=0 showBar=0 showBarNTP=1
2026-08-27 12:28:27.133: [INFO] BookmarksSnapshot Shutdown total=0 bar=0 other=0 mobile=0 showBar=0 showBarNTP=1
