✔ recon fingerprints the demo web service (port + server banner) (232.7002ms)
✔ webscan recovers the planted exposures (.git / .env / db dump / dir listing / config) (28.889ms)
✔ http analyzer catches the CORS hole on /api and the missing headers on the site (2.8291ms)
✔ impact: the broken-access-control write changes site content and reverts cleanly (3.2071ms)
✔ the full sweep produces a breach dossier (>= 6 corroborated findings) (17.3795ms)
✔ chainrun replays the Axiom breach chain: leak → login → forge → admin → revert (50.1066ms)
✔ chainrun: a failed expectation STOPS the chain honestly (no false completion) (12.2573ms)
✔ chainrun: off-origin templates are blocked (governance) (0.3589ms)
✔ ssrfProbe: a real SSRF is confirmed on a content marker; honest on a safe endpoint (12.1569ms)
✔ ssrfProbe: a non-SSRF endpoint reports nothing (honest negative) (6.1751ms)
✔ ssrfProbe: requires the {URL} placeholder (0.5858ms)
✔ credStuff: HITL-locked without explicit authorization (refuses, zero attempts) (0.2924ms)
✔ credStuff: finds the valid pair within budget, masks the password, honors the cap (6.6318ms)
✔ credStuff: LOCKOUT signal stops the run immediately (incident prevention) (4.8272ms)
✔ parseJsonBlock: last block wins, unfenced fallback, junk -> null (1.5033ms)
✔ resilience: a null element in ANY ingest array does not crash the run (BUG-1) (21.9847ms)
✔ resilience: wrong-typed denials / negative steps do not crash or unbound budget (BUG-2/7) (3.7993ms)
✔ HITL: throwing approve -> hold, fail closed (BUG-3) (5.4246ms)
✔ HITL: hanging approve -> timeout -> hold, no hang (BUG-4) (260.0188ms)
✔ HITL: truthy non-boolean approve does NOT green-light exploit (BUG-5) (3.2324ms)
✔ hook isolation: throwing onEvent/onSurface do not crash the campaign (BUG-6) (3.6127ms)
✔ budget: NaN maxSteps falls back to a finite default (BUG-7) (0.4543ms)
✔ progression gate: empty recon skips exploit/post-ex (BUG-8) (3.5327ms)
✔ cross-session accumulation: findings persist across runs (BUG-10) (19.0648ms)
✔ engagement-name collision: sanitized-equal names do NOT share memory (BUG-11) (3.3021ms)
✔ domain-only tooled recon runs the subdomain scan (BUG-16) (3.4886ms)
✔ getState returns a copy of activity — caller cannot corrupt the feed (BUG-18) (2.3484ms)
✔ a stealth profile threads into reconOpts + the native tools pace + the budget accrues (9265.4181ms)
✔ no stealth profile → unlimited budget, tools run at full speed (backward-compatible) (0.8263ms)
✔ a quiet campaign flags an over-ceiling activity as a budget-exceed event (1.1586ms)
✔ auto-stealth: the campaign fingerprints a WAF target and calibrates the profile before recon (11.8949ms)
✔ auto-stealth: an unreachable target falls back to normal, never throws (5.5737ms)
✔ the report renders the defender's-eye "what we stayed under" stealth-budget section (2.1247ms)
✔ tooledRecon: native scan + content discovery populate the surface (267.3872ms)
✔ tooledRecon: domain subdomain discovery feeds the surface (mock resolver) (2.0192ms)
✔ header audit: missing CSP/XFO/XCTO/Referrer-Policy reported; HSTS skipped on http (38.1835ms)
✔ header audit: present headers produce no findings; CSP frame-ancestors satisfies XFO (10.9757ms)
✔ cookie flags: a bare session cookie is reported with the missing flags named (6.7778ms)
✔ exposure probes: real .git/HEAD and .env are confirmed HIGH; catch-all impostors are not (8.0703ms)
✔ CORS: reflected origin WITH credentials is medium; wildcard alone is info; silent is clean (13.8984ms)
✔ body leaks: SQL error is medium, stack trace is low; checked on root AND discovered pages (6.8132ms)
✔ version disclosure: advertised server is info; EOL component escalates to medium (6.5909ms)
✔ results are severity-sorted (high first) and budget-bounded (9.3998ms)
✔ robustness: bad base throws TypeError; dead server resolves empty (8.4ms)
✔ stealth-aware: injected pacer is honored; curated probe count stays small (621.2592ms)
ℹ tests 45
ℹ suites 0
ℹ pass 45
ℹ fail 0
ℹ cancelled 0
ℹ skipped 0
ℹ todo 0
ℹ duration_ms 9774.6822
